Rodolfo@RodolfoBortoluzzi MINGW64 /d/Django_Study2
$ pip install django djangorestframework
Requirement already satisfied: django in c:\users\qmclo\appdata\roaming\python\python312\site-packages (5.0.6)
Requirement already satisfied: djangorestframework in c:\users\qmclo\appdata\roaming\python\python312\site-packages (3.15.1)
Requirement already satisfied: asgiref<4,>=3.7.0 in c:\users\qmclo\appdata\roaming\python\python312\site-packages (from django) (3.8.1)
Requirement already satisfied: sqlparse>=0.3.1 in c:\python312\lib\site-packages (from django) (0.5.0)
Requirement already satisfied: tzdata in c:\python312\lib\site-packages (from django) (2024.1)

Rodolfo@RodolfoBortoluzzi MINGW64 /d/Django_Study2
$ django-admin startproject django_study2

Rodolfo@RodolfoBortoluzzi MINGW64 /d/Django_Study2
$ cd django_study2

Rodolfo@RodolfoBortoluzzi MINGW64 /d/Django_Study2/django_study2
$ python manage.py startapp books

Rodolfo@RodolfoBortoluzzi MINGW64 /d/Django_Study2/django_study2
$ python manage.py startapp loans

Rodolfo@RodolfoBortoluzzi MINGW64 /d/Django_Study2/django_study2
$ python manage.py makemigrations
Migrations for 'books':
  books\migrations\0001_initial.py
    - Create model Book
Migrations for 'loans':
  loans\migrations\0001_initial.py
    - Create model Loan

Rodolfo@RodolfoBortoluzzi MINGW64 /d/Django_Study2/django_study2
$ python manage.py migrate
Operations to perform:
  Apply all migrations: admin, auth, books, contenttypes, loans, sessions
Running migrations:
  Applying contenttypes.0001_initial... OK
  Applying auth.0001_initial... OK
  Applying admin.0001_initial... OK
  Applying admin.0002_logentry_remove_auto_add... OK
  Applying admin.0003_logentry_add_action_flag_choices... OK
  Applying contenttypes.0002_remove_content_type_name... OK
  Applying auth.0002_alter_permission_name_max_length... OK
  Applying auth.0003_alter_user_email_max_length... OK
  Applying auth.0004_alter_user_username_opts... OK
  Applying auth.0005_alter_user_last_login_null... OK
  Applying auth.0006_require_contenttypes_0002... OK
  Applying auth.0007_alter_validators_add_error_messages... OK
  Applying auth.0008_alter_user_username_max_length... OK
  Applying auth.0009_alter_user_last_name_max_length... OK
  Applying auth.0010_alter_group_name_max_length... OK
  Applying auth.0011_update_proxy_permissions... OK
  Applying auth.0012_alter_user_first_name_max_length... OK
  Applying books.0001_initial... OK
  Applying loans.0001_initial... OK
  Applying sessions.0001_initial... OK

Rodolfo@RodolfoBortoluzzi MINGW64 /d/Django_Study2/django_study2
$ python manage.py createsuperuser
Username (leave blank to use 'rodolfo'): 
Email address: qmclouca@gmail.com
Password:
Password (again):
Superuser created successfully.

Rodolfo@RodolfoBortoluzzi MINGW64 /d/Django_Study2/django_study2
$ python manage.py runserver